// Jest Snapshot v1, https://goo.gl/fbAQLP

exports[`Mission Element Tests renders correctly 1`] = `
<div>
  <h2>
    MISSIONS
  </h2>
  <table>
    <thead>
      <th>
        Mission
      </th>
      <th>
        Description
      </th>
      <th>
        Status
      </th>
      <th>
         
      </th>
    </thead>
    <tbody />
  </table>
</div>
`;
